MPLINK 5.08, LINKER
Linker Map File - Created Fri Nov 10 15:14:31 2017

                                 Section Info
                  Section       Type    Address   Location Size(Bytes)
                ---------  ---------  ---------  ---------  ---------
             RESET_VECTOR       code   0x000000    program   0x000008
               INT_VECTOR       code   0x000004    program   0x000018
                    PROG1       code   0x000010    program   0x0001a4
                   .cinit    romdata   0x0000e2    program   0x000004
                MAIN_PROG       code   0x0000e4    program   0x0001c8
.config_2007_BUILD/DEFAULT/PRODUCTION/LAB8B.O       code   0x002007    program   0x000002
               D_LCD_DATA      udata   0x000020       data   0x000004
                   G_DATA      udata   0x000024       data   0x000002
                 TEMP_VAR      udata   0x000026       data   0x000001
                  INT_VAR      udata   0x000070       data   0x000005



                              Program Memory Usage 
                               Start         End      
                           ---------   ---------      
                            0x000000    0x0001c7      
                            0x002007    0x002007      
            457 out of 8454 program addresses used, program memory utilization is 5%



                              Symbols - Sorted by Name
                     Name    Address   Location    Storage File                     
                ---------  ---------  ---------  --------- ---------                
             DelayXCycles   0x0000df    program     static ../../p16F877a_lcdwdbmod.asm
                    FinRd   0x0000d9    program     static ../../p16F877a_lcdwdbmod.asm
                INTERRUPT   0x000004    program     static /home/andrew/MPLABXProjects/Lab8B.X/Lab8B.asm
                  LCDBusy   0x0000da    program     extern ../../p16F877a_lcdwdbmod.asm
                  LCDInit   0x000026    program     extern ../../p16F877a_lcdwdbmod.asm
                LCDLine_1   0x000010    program     extern ../../p16F877a_lcdwdbmod.asm
                LCDLine_2   0x000016    program     extern ../../p16F877a_lcdwdbmod.asm
                  LCDRead   0x000098    program     static ../../p16F877a_lcdwdbmod.asm
                 LCDWrite   0x00008f    program     extern ../../p16F877a_lcdwdbmod.asm
           LCDWriteNibble   0x00006b    program     static ../../p16F877a_lcdwdbmod.asm
              _PROG1_002C   0x00003c    program     static ../../p16F877a_lcdwdbmod.asm
              _PROG1_0037   0x000047    program     static ../../p16F877a_lcdwdbmod.asm
                  alookup   0x0001a3    program     static /home/andrew/MPLABXProjects/Lab8B.X/Lab8B.asm
                 alphabet   0x0001ad    program     static /home/andrew/MPLABXProjects/Lab8B.X/Lab8B.asm
                checktime   0x000169    program     static /home/andrew/MPLABXProjects/Lab8B.X/Lab8B.asm
                  d_write   0x00001c    program     extern ../../p16F877a_lcdwdbmod.asm
                   dbloop   0x000199    program     static /home/andrew/MPLABXProjects/Lab8B.X/Lab8B.asm
                 debounce   0x000192    program     static /home/andrew/MPLABXProjects/Lab8B.X/Lab8B.asm
                  i_write   0x000022    program     extern ../../p16F877a_lcdwdbmod.asm
                     init   0x0000e8    program     static /home/andrew/MPLABXProjects/Lab8B.X/Lab8B.asm
                     main   0x0000fe    program     static /home/andrew/MPLABXProjects/Lab8B.X/Lab8B.asm
                   movlft   0x00017a    program     static /home/andrew/MPLABXProjects/Lab8B.X/Lab8B.asm
                      ra4   0x00015c    program     static /home/andrew/MPLABXProjects/Lab8B.X/Lab8B.asm
                      rb0   0x00013d    program     static /home/andrew/MPLABXProjects/Lab8B.X/Lab8B.asm
                    start   0x0000e4    program     static /home/andrew/MPLABXProjects/Lab8B.X/Lab8B.asm
                  toline1   0x000189    program     static /home/andrew/MPLABXProjects/Lab8B.X/Lab8B.asm
                     tra4   0x00012e    program     static /home/andrew/MPLABXProjects/Lab8B.X/Lab8B.asm
                     trb0   0x00011f    program     static /home/andrew/MPLABXProjects/Lab8B.X/Lab8B.asm
                  COUNTER   0x000020       data     static ../../p16F877a_lcdwdbmod.asm
                    count   0x000024       data     static /home/andrew/MPLABXProjects/Lab8B.X/Lab8B.asm
                  counter   0x000073       data     static /home/andrew/MPLABXProjects/Lab8B.X/Lab8B.asm
                    delay   0x000021       data     static ../../p16F877a_lcdwdbmod.asm
                     flag   0x000024       data     static /home/andrew/MPLABXProjects/Lab8B.X/Lab8B.asm
              pclath_temp   0x000072       data     static /home/andrew/MPLABXProjects/Lab8B.X/Lab8B.asm
              status_temp   0x000071       data     static /home/andrew/MPLABXProjects/Lab8B.X/Lab8B.asm
               temp_count   0x000026       data     static /home/andrew/MPLABXProjects/Lab8B.X/Lab8B.asm
                  temp_rd   0x000023       data     static ../../p16F877a_lcdwdbmod.asm
                  temp_wr   0x000022       data     extern ../../p16F877a_lcdwdbmod.asm
                   tmrctr   0x000074       data     static /home/andrew/MPLABXProjects/Lab8B.X/Lab8B.asm
                   w_temp   0x000070       data     static /home/andrew/MPLABXProjects/Lab8B.X/Lab8B.asm



                              Symbols - Sorted by Address
                     Name    Address   Location    Storage File                     
                ---------  ---------  ---------  --------- ---------                
                INTERRUPT   0x000004    program     static /home/andrew/MPLABXProjects/Lab8B.X/Lab8B.asm
                LCDLine_1   0x000010    program     extern ../../p16F877a_lcdwdbmod.asm
                LCDLine_2   0x000016    program     extern ../../p16F877a_lcdwdbmod.asm
                  d_write   0x00001c    program     extern ../../p16F877a_lcdwdbmod.asm
                  i_write   0x000022    program     extern ../../p16F877a_lcdwdbmod.asm
                  LCDInit   0x000026    program     extern ../../p16F877a_lcdwdbmod.asm
              _PROG1_002C   0x00003c    program     static ../../p16F877a_lcdwdbmod.asm
              _PROG1_0037   0x000047    program     static ../../p16F877a_lcdwdbmod.asm
           LCDWriteNibble   0x00006b    program     static ../../p16F877a_lcdwdbmod.asm
                 LCDWrite   0x00008f    program     extern ../../p16F877a_lcdwdbmod.asm
                  LCDRead   0x000098    program     static ../../p16F877a_lcdwdbmod.asm
                    FinRd   0x0000d9    program     static ../../p16F877a_lcdwdbmod.asm
                  LCDBusy   0x0000da    program     extern ../../p16F877a_lcdwdbmod.asm
             DelayXCycles   0x0000df    program     static ../../p16F877a_lcdwdbmod.asm
                    start   0x0000e4    program     static /home/andrew/MPLABXProjects/Lab8B.X/Lab8B.asm
                     init   0x0000e8    program     static /home/andrew/MPLABXProjects/Lab8B.X/Lab8B.asm
                     main   0x0000fe    program     static /home/andrew/MPLABXProjects/Lab8B.X/Lab8B.asm
                     trb0   0x00011f    program     static /home/andrew/MPLABXProjects/Lab8B.X/Lab8B.asm
                     tra4   0x00012e    program     static /home/andrew/MPLABXProjects/Lab8B.X/Lab8B.asm
                      rb0   0x00013d    program     static /home/andrew/MPLABXProjects/Lab8B.X/Lab8B.asm
                      ra4   0x00015c    program     static /home/andrew/MPLABXProjects/Lab8B.X/Lab8B.asm
                checktime   0x000169    program     static /home/andrew/MPLABXProjects/Lab8B.X/Lab8B.asm
                   movlft   0x00017a    program     static /home/andrew/MPLABXProjects/Lab8B.X/Lab8B.asm
                  toline1   0x000189    program     static /home/andrew/MPLABXProjects/Lab8B.X/Lab8B.asm
                 debounce   0x000192    program     static /home/andrew/MPLABXProjects/Lab8B.X/Lab8B.asm
                   dbloop   0x000199    program     static /home/andrew/MPLABXProjects/Lab8B.X/Lab8B.asm
                  alookup   0x0001a3    program     static /home/andrew/MPLABXProjects/Lab8B.X/Lab8B.asm
                 alphabet   0x0001ad    program     static /home/andrew/MPLABXProjects/Lab8B.X/Lab8B.asm
                  COUNTER   0x000020       data     static ../../p16F877a_lcdwdbmod.asm
                    delay   0x000021       data     static ../../p16F877a_lcdwdbmod.asm
                  temp_wr   0x000022       data     extern ../../p16F877a_lcdwdbmod.asm
                  temp_rd   0x000023       data     static ../../p16F877a_lcdwdbmod.asm
                    count   0x000024       data     static /home/andrew/MPLABXProjects/Lab8B.X/Lab8B.asm
                     flag   0x000024       data     static /home/andrew/MPLABXProjects/Lab8B.X/Lab8B.asm
               temp_count   0x000026       data     static /home/andrew/MPLABXProjects/Lab8B.X/Lab8B.asm
                   w_temp   0x000070       data     static /home/andrew/MPLABXProjects/Lab8B.X/Lab8B.asm
              status_temp   0x000071       data     static /home/andrew/MPLABXProjects/Lab8B.X/Lab8B.asm
              pclath_temp   0x000072       data     static /home/andrew/MPLABXProjects/Lab8B.X/Lab8B.asm
                  counter   0x000073       data     static /home/andrew/MPLABXProjects/Lab8B.X/Lab8B.asm
                   tmrctr   0x000074       data     static /home/andrew/MPLABXProjects/Lab8B.X/Lab8B.asm


